// Vitest Snapshot v1, https://vitest.dev/guide/snapshot.html

exports[`Typography > should render successfully 1`] = `
<DocumentFragment>
  <p
    class="MuiTypography-root MuiTypography-body1 css-rizt0-MuiTypography-root"
  />
</DocumentFragment>
`;
