// Vitest Snapshot v1, https://vitest.dev/guide/snapshot.html

exports[`IconButton > should render successfully 1`] = `
<DocumentFragment>
  <button
    class="MuiButtonBase-root MuiIconButton-root MuiIconButton-sizeMedium css-53g0n7-MuiButtonBase-root-MuiIconButton-root"
    tabindex="0"
    type="button"
  />
</DocumentFragment>
`;
