// Vitest Snapshot v1, https://vitest.dev/guide/snapshot.html

exports[`IconButtonMenu > should render successfully 1`] = `
<DocumentFragment>
  <button
    aria-controls="Â«r0Â»"
    aria-haspopup="true"
    class="MuiButtonBase-root MuiIconButton-root MuiIconButton-sizeMedium css-53g0n7-MuiButtonBase-root-MuiIconButton-root"
    tabindex="0"
    type="button"
  >
    <span>
      ğŸ”§
    </span>
  </button>
</DocumentFragment>
`;

exports[`IconButtonMenu > should render when open 1`] = `
<DocumentFragment>
  <button
    aria-controls="Â«r2Â»"
    aria-expanded="true"
    aria-haspopup="true"
    class="MuiButtonBase-root MuiIconButton-root MuiIconButton-sizeMedium css-53g0n7-MuiButtonBase-root-MuiIconButton-root"
    tabindex="0"
    type="button"
  >
    <span>
      ğŸ”§
    </span>
  </button>
</DocumentFragment>
`;
