// Vitest Snapshot v1, https://vitest.dev/guide/snapshot.html

exports[`Container > should render successfully 1`] = `
<DocumentFragment>
  <div
    class="MuiContainer-root MuiContainer-maxWidthLg css-5c1adp-MuiContainer-root"
  />
</DocumentFragment>
`;
